BL51 BANKED LINKER/LOCATER V6.22.2.0                                                    07/01/2023  08:02:52  PAGE 1


BL51 BANKED LINKER/LOCATER V6.22.2.0, INVOKED BY:
C:\KEIL_V5\C51\BIN\BL51.EXE .\Objects\Touch.obj TO .\Objects\Touch PRINT (.\Listings\Touch.m51) RAMSIZE (256)


MEMORY MODEL: SMALL


INPUT MODULES INCLUDED:
  .\Objects\Touch.obj (TOUCH)
  C:\KEIL_V5\C51\LIB\C51S.LIB (?C_STARTUP)


LINK MAP OF MODULE:  .\Objects\Touch (TOUCH)


            TYPE    BASE      LENGTH    RELOCATION   SEGMENT NAME
            -----------------------------------------------------

            * * * * * * *   D A T A   M E M O R Y   * * * * * * *
            REG     0000H     0008H     ABSOLUTE     "REG BANK 0"
            DATA    0008H     0004H     UNIT         ?DT?TOUCH
            IDATA   000CH     0001H     UNIT         ?STACK

            * * * * * * *   C O D E   M E M O R Y   * * * * * * *
            CODE    0000H     0003H     ABSOLUTE     
            CODE    0003H     003DH     UNIT         ?PR?READ_KEY_VALUE?TOUCH
            CODE    0040H     0024H     UNIT         ?PR?MAIN?TOUCH
            CODE    0064H     0023H     UNIT         ?PR?_DELAY_MS?TOUCH
            CODE    0087H     0023H     UNIT         ?PR?KEY_INIT?TOUCH
            CODE    00AAH     0017H     UNIT         ?PR?UART_INIT?TOUCH
            CODE    00C1H     000CH     UNIT         ?C_C51STARTUP
            CODE    00CDH     0008H     UNIT         ?PR?_SENDASC?TOUCH



OVERLAY MAP OF MODULE:   .\Objects\Touch (TOUCH)


SEGMENT
  +--> CALLED SEGMENT
---------------------
?C_C51STARTUP
  +--> ?PR?MAIN?TOUCH

?PR?MAIN?TOUCH
  +--> ?PR?UART_INIT?TOUCH
  +--> ?PR?KEY_INIT?TOUCH
  +--> ?PR?READ_KEY_VALUE?TOUCH
  +--> ?PR?_DELAY_MS?TOUCH

?PR?_DELAY_MS?TOUCH
  +--> ?PR?_SENDASC?TOUCH



SYMBOL TABLE OF MODULE:  .\Objects\Touch (TOUCH)

  VALUE           TYPE          NAME
BL51 BANKED LINKER/LOCATER V6.22.2.0                                                  07/01/2023  08:02:52  PAGE 2


  ----------------------------------

  -------         MODULE        TOUCH
  C:0000H         SYMBOL        _ICE_DUMMY_
  D:0092H         PUBLIC        P1M0
  D:0091H         PUBLIC        P1M1
  D:0080H         PUBLIC        P0
  D:00B2H         PUBLIC        P3M0
  D:0090H         PUBLIC        P1
  D:00B1H         PUBLIC        P3M1
  D:00A0H         PUBLIC        P2
  D:00CAH         PUBLIC        P5M0
  D:00B0H         PUBLIC        P3
  D:00C9H         PUBLIC        P5M1
  D:00C0H         PUBLIC        P4
  D:00C8H         PUBLIC        P5
  D:00E8H         PUBLIC        P6
  D:00F8H         PUBLIC        P7
  C:0003H         PUBLIC        Read_Key_value
  D:00BAH         PUBLIC        P_SW2
  D:00A8H         PUBLIC        IE
  D:00B8H         PUBLIC        IP
  B:0098H.1       PUBLIC        TI
  C:0040H         PUBLIC        main
  D:0099H         PUBLIC        SBUF
  C:00AAH         PUBLIC        UART_Init
  D:0098H         PUBLIC        SCON
  D:0089H         PUBLIC        TMOD
  D:0088H         PUBLIC        TCON
  B:0090H.0       PUBLIC        led
  D:00F0H         PUBLIC        B
  D:008EH         PUBLIC        AUXR
  D:0008H         PUBLIC        key_data
  D:00E0H         PUBLIC        ACC
  B:00A8H.3       PUBLIC        ET1
  D:008DH         PUBLIC        TH1
  D:008BH         PUBLIC        TL1
  C:006BH         PUBLIC        _delay_ms
  B:0088H.6       PUBLIC        TR1
  C:0087H         PUBLIC        key_init
  D:000AH         PUBLIC        dat_H
  C:00CDH         PUBLIC        _SendASC
  D:000BH         PUBLIC        dat_L
  D:00D0H         PUBLIC        PSW
  -------         PROC          L?0025
  -------         ENDPROC       L?0025
  -------         PROC          _DELAY_MS
  D:0006H         SYMBOL        value
  -------         DO            
  D:0005H         SYMBOL        i
  D:0004H         SYMBOL        j
  -------         ENDDO         
  C:006BH         LINE#         8
  C:006BH         LINE#         9
  C:006BH         LINE#         11
  C:0074H         LINE#         12
  C:0074H         LINE#         13
BL51 BANKED LINKER/LOCATER V6.22.2.0                                                  07/01/2023  08:02:52  PAGE 3


  C:0075H         LINE#         14
  C:0076H         LINE#         15
  C:0077H         LINE#         16
  C:0079H         LINE#         17
  C:007BH         LINE#         19
  C:007BH         LINE#         20
  C:007DH         LINE#         21
  C:007DH         LINE#         22
  C:007FH         LINE#         23
  C:0084H         LINE#         24
  C:0086H         LINE#         25
  -------         ENDPROC       _DELAY_MS
  -------         PROC          UART_INIT
  C:00AAH         LINE#         28
  C:00AAH         LINE#         29
  C:00AAH         LINE#         31
  C:00ADH         LINE#         32
  C:00B0H         LINE#         33
  C:00B3H         LINE#         34
  C:00B6H         LINE#         35
  C:00B9H         LINE#         36
  C:00BCH         LINE#         37
  C:00BEH         LINE#         38
  C:00C0H         LINE#         40
  -------         ENDPROC       UART_INIT
  -------         PROC          _SENDASC
  D:0007H         SYMBOL        mydata
  C:00CDH         LINE#         42
  C:00CDH         LINE#         43
  C:00CDH         LINE#         44
  C:00CFH         LINE#         45
  C:00D2H         LINE#         46
  C:00D4H         LINE#         47
  -------         ENDPROC       _SENDASC
  -------         PROC          KEY_INIT
  C:0087H         LINE#         50
  C:0087H         LINE#         51
  C:0087H         LINE#         52
  C:008AH         LINE#         53
  C:008FH         LINE#         54
  C:0095H         LINE#         55
  C:0098H         LINE#         56
  C:009CH         LINE#         57
  C:00A0H         LINE#         58
  C:00A6H         LINE#         66
  C:00A9H         LINE#         68
  -------         ENDPROC       KEY_INIT
  -------         PROC          READ_KEY_VALUE
  -------         DO            
  D:0007H         SYMBOL        j
  D:0006H         SYMBOL        i
  -------         ENDDO         
  C:0003H         LINE#         71
  C:0003H         LINE#         72
  C:0003H         LINE#         75
  C:0006H         LINE#         76
  C:000BH         LINE#         77
BL51 BANKED LINKER/LOCATER V6.22.2.0                                                  07/01/2023  08:02:52  PAGE 4


  C:000EH         LINE#         78
  C:000EH         LINE#         79
  C:0012H         LINE#         80
  C:0012H         LINE#         81
  C:0016H         LINE#         82
  C:0016H         LINE#         83
  C:001DH         LINE#         84
  C:0020H         LINE#         85
  C:0020H         LINE#         86
  C:002AH         LINE#         87
  C:0035H         LINE#         88
  C:0039H         LINE#         89
  C:003CH         LINE#         90
  C:003CH         LINE#         91
  C:003FH         LINE#         92
  -------         ENDPROC       READ_KEY_VALUE
  -------         PROC          MAIN
  C:0040H         LINE#         94
  C:0040H         LINE#         95
  C:0040H         LINE#         97
  C:0043H         LINE#         98
  C:0045H         LINE#         99
  C:0047H         LINE#         100
  C:0049H         LINE#         101
  C:004BH         LINE#         102
  C:004DH         LINE#         103
  C:0050H         LINE#         104
  C:0053H         LINE#         105
  C:0055H         LINE#         106
  C:0055H         LINE#         107
  C:0055H         LINE#         108
  C:0058H         LINE#         111
  C:005AH         LINE#         112
  C:005DH         LINE#         113
  C:005FH         LINE#         114
  C:0062H         LINE#         115
  -------         ENDPROC       MAIN
  -------         ENDMOD        TOUCH

Program Size: data=13.0 xdata=0 code=213
LINK/LOCATE RUN COMPLETE.  0 WARNING(S),  0 ERROR(S)
